
[TestReadAfterWrite - 1]
&scopedb.ResultSetMetadata{
    Fields: {
        &scopedb.ResultSetField{Name:"a", DataType:"int"},
        &scopedb.ResultSetField{Name:"v", DataType:"variant"},
    },
}
---

[TestReadAfterWrite - 2]
&[record:
  schema:
  fields: 2
    - a: type=int64, nullable
    - v: type=large_utf8, nullable
  rows: 2
  col[0][a]: [1 2]
  col[1][v]: ["{\"int\":1}" "{\"int\":2}"]
]
---

[TestReadAfterWrite - 3]
&scopedb.ResultSetMetadata{
    Fields: {
        &scopedb.ResultSetField{Name:"a", DataType:"int"},
        &scopedb.ResultSetField{Name:"v", DataType:"variant"},
    },
}
---

[TestReadAfterWrite - 4]
&[record:
  schema:
  fields: 2
    - a: type=int64, nullable
    - v: type=large_utf8, nullable
  rows: 2
  col[0][a]: [1 2]
  col[1][v]: ["{\"int\":2}" "{\"int\":2}"]
]
---
